mode: atomic
github.com/muhammadirfanmubasyir-sys/gin-gorm-postgres/controller/testhelper.go:8.70,15.2 5 31
github.com/muhammadirfanmubasyir-sys/gin-gorm-postgres/controller/testhelper.go:15.2,21.3 5 31
github.com/muhammadirfanmubasyir-sys/gin-gorm-postgres/controller/testhelper.go:23.2,23.15 1 31
github.com/muhammadirfanmubasyir-sys/gin-gorm-postgres/controller/user.go:21.72,23.2 1 31
github.com/muhammadirfanmubasyir-sys/gin-gorm-postgres/controller/user.go:30.41,32.2 1 6
github.com/muhammadirfanmubasyir-sys/gin-gorm-postgres/controller/user.go:34.61,35.35 1 25
github.com/muhammadirfanmubasyir-sys/gin-gorm-postgres/controller/user.go:35.35,37.3 1 4
github.com/muhammadirfanmubasyir-sys/gin-gorm-postgres/controller/user.go:38.2,38.36 1 21
github.com/muhammadirfanmubasyir-sys/gin-gorm-postgres/controller/user.go:38.36,40.3 1 4
github.com/muhammadirfanmubasyir-sys/gin-gorm-postgres/controller/user.go:42.2,43.64 2 17
github.com/muhammadirfanmubasyir-sys/gin-gorm-postgres/controller/user.go:43.64,45.3 1 3
github.com/muhammadirfanmubasyir-sys/gin-gorm-postgres/controller/user.go:47.2,47.20 1 14
github.com/muhammadirfanmubasyir-sys/gin-gorm-postgres/controller/user.go:47.20,49.3 1 3
github.com/muhammadirfanmubasyir-sys/gin-gorm-postgres/controller/user.go:50.2,50.23 1 11
github.com/muhammadirfanmubasyir-sys/gin-gorm-postgres/controller/user.go:50.23,52.3 1 3
github.com/muhammadirfanmubasyir-sys/gin-gorm-postgres/controller/user.go:54.2,54.26 1 8
github.com/muhammadirfanmubasyir-sys/gin-gorm-postgres/controller/user.go:57.52,59.64 2 7
github.com/muhammadirfanmubasyir-sys/gin-gorm-postgres/controller/user.go:59.64,62.3 2 1
github.com/muhammadirfanmubasyir-sys/gin-gorm-postgres/controller/user.go:64.2,65.16 2 6
github.com/muhammadirfanmubasyir-sys/gin-gorm-postgres/controller/user.go:65.16,66.45 1 3
github.com/muhammadirfanmubasyir-sys/gin-gorm-postgres/controller/user.go:66.45,68.4 1 2
github.com/muhammadirfanmubasyir-sys/gin-gorm-postgres/controller/user.go:68.9,70.4 1 1
github.com/muhammadirfanmubasyir-sys/gin-gorm-postgres/controller/user.go:71.3,71.9 1 3
github.com/muhammadirfanmubasyir-sys/gin-gorm-postgres/controller/user.go:74.2,79.57 2 3
github.com/muhammadirfanmubasyir-sys/gin-gorm-postgres/controller/user.go:82.53,84.16 2 5
github.com/muhammadirfanmubasyir-sys/gin-gorm-postgres/controller/user.go:84.16,87.3 2 1
github.com/muhammadirfanmubasyir-sys/gin-gorm-postgres/controller/user.go:89.2,90.29 2 4
github.com/muhammadirfanmubasyir-sys/gin-gorm-postgres/controller/user.go:90.29,96.3 1 3
github.com/muhammadirfanmubasyir-sys/gin-gorm-postgres/controller/user.go:98.2,98.58 1 4
github.com/muhammadirfanmubasyir-sys/gin-gorm-postgres/controller/user.go:101.55,103.41 2 13
github.com/muhammadirfanmubasyir-sys/gin-gorm-postgres/controller/user.go:103.41,106.3 2 2
github.com/muhammadirfanmubasyir-sys/gin-gorm-postgres/controller/user.go:108.2,108.78 1 11
github.com/muhammadirfanmubasyir-sys/gin-gorm-postgres/controller/user.go:108.78,111.3 2 7
github.com/muhammadirfanmubasyir-sys/gin-gorm-postgres/controller/user.go:113.2,118.56 2 4
github.com/muhammadirfanmubasyir-sys/gin-gorm-postgres/controller/user.go:118.56,121.3 2 0
github.com/muhammadirfanmubasyir-sys/gin-gorm-postgres/controller/user.go:123.2,123.68 1 4
github.com/muhammadirfanmubasyir-sys/gin-gorm-postgres/controller/user.go:123.68,126.3 2 1
github.com/muhammadirfanmubasyir-sys/gin-gorm-postgres/controller/user.go:128.2,133.62 2 3
github.com/muhammadirfanmubasyir-sys/gin-gorm-postgres/controller/user.go:136.55,138.64 2 6
github.com/muhammadirfanmubasyir-sys/gin-gorm-postgres/controller/user.go:138.64,141.3 2 1
github.com/muhammadirfanmubasyir-sys/gin-gorm-postgres/controller/user.go:143.2,144.16 2 5
github.com/muhammadirfanmubasyir-sys/gin-gorm-postgres/controller/user.go:144.16,145.45 1 2
github.com/muhammadirfanmubasyir-sys/gin-gorm-postgres/controller/user.go:145.45,147.4 1 1
github.com/muhammadirfanmubasyir-sys/gin-gorm-postgres/controller/user.go:147.9,149.4 1 1
github.com/muhammadirfanmubasyir-sys/gin-gorm-postgres/controller/user.go:150.3,150.9 1 2
github.com/muhammadirfanmubasyir-sys/gin-gorm-postgres/controller/user.go:153.2,153.68 1 3
github.com/muhammadirfanmubasyir-sys/gin-gorm-postgres/controller/user.go:153.68,156.3 2 1
github.com/muhammadirfanmubasyir-sys/gin-gorm-postgres/controller/user.go:158.2,158.106 1 2
github.com/muhammadirfanmubasyir-sys/gin-gorm-postgres/controller/user.go:161.55,163.64 2 11
github.com/muhammadirfanmubasyir-sys/gin-gorm-postgres/controller/user.go:163.64,166.3 2 0
github.com/muhammadirfanmubasyir-sys/gin-gorm-postgres/controller/user.go:168.2,169.16 2 11
github.com/muhammadirfanmubasyir-sys/gin-gorm-postgres/controller/user.go:169.16,170.45 1 2
github.com/muhammadirfanmubasyir-sys/gin-gorm-postgres/controller/user.go:170.45,172.4 1 1
github.com/muhammadirfanmubasyir-sys/gin-gorm-postgres/controller/user.go:172.9,174.4 1 1
github.com/muhammadirfanmubasyir-sys/gin-gorm-postgres/controller/user.go:175.3,175.9 1 2
github.com/muhammadirfanmubasyir-sys/gin-gorm-postgres/controller/user.go:178.2,179.41 2 9
github.com/muhammadirfanmubasyir-sys/gin-gorm-postgres/controller/user.go:179.41,182.3 2 1
github.com/muhammadirfanmubasyir-sys/gin-gorm-postgres/controller/user.go:184.2,184.78 1 8
github.com/muhammadirfanmubasyir-sys/gin-gorm-postgres/controller/user.go:184.78,187.3 2 5
github.com/muhammadirfanmubasyir-sys/gin-gorm-postgres/controller/user.go:189.2,192.56 3 3
github.com/muhammadirfanmubasyir-sys/gin-gorm-postgres/controller/user.go:192.56,195.3 2 0
github.com/muhammadirfanmubasyir-sys/gin-gorm-postgres/controller/user.go:197.2,197.68 1 3
github.com/muhammadirfanmubasyir-sys/gin-gorm-postgres/controller/user.go:197.68,200.3 2 1
github.com/muhammadirfanmubasyir-sys/gin-gorm-postgres/controller/user.go:202.2,207.57 2 2
github.com/muhammadirfanmubasyir-sys/gin-gorm-postgres/models/user.go:12.32,14.2 1 1
github.com/muhammadirfanmubasyir-sys/gin-gorm-postgres/models/user.go:16.57,18.16 2 6
github.com/muhammadirfanmubasyir-sys/gin-gorm-postgres/models/user.go:18.16,20.3 1 0
github.com/muhammadirfanmubasyir-sys/gin-gorm-postgres/models/user.go:21.2,22.12 2 6
github.com/muhammadirfanmubasyir-sys/gin-gorm-postgres/models/user.go:25.59,27.2 1 3
github.com/muhammadirfanmubasyir-sys/gin-gorm-postgres/dto/response.go:16.59,22.2 1 3
github.com/muhammadirfanmubasyir-sys/gin-gorm-postgres/dto/response.go:24.59,29.2 1 4
github.com/muhammadirfanmubasyir-sys/gin-gorm-postgres/middleware/cors.go:10.29,11.30 1 4
github.com/muhammadirfanmubasyir-sys/gin-gorm-postgres/middleware/cors.go:11.30,13.27 2 5
github.com/muhammadirfanmubasyir-sys/gin-gorm-postgres/middleware/cors.go:13.27,15.4 1 3
github.com/muhammadirfanmubasyir-sys/gin-gorm-postgres/middleware/cors.go:17.3,18.28 2 5
github.com/muhammadirfanmubasyir-sys/gin-gorm-postgres/middleware/cors.go:18.28,20.4 1 3
github.com/muhammadirfanmubasyir-sys/gin-gorm-postgres/middleware/cors.go:20.9,21.57 1 2
github.com/muhammadirfanmubasyir-sys/gin-gorm-postgres/middleware/cors.go:21.57,22.39 1 3
github.com/muhammadirfanmubasyir-sys/gin-gorm-postgres/middleware/cors.go:22.39,24.11 2 1
github.com/muhammadirfanmubasyir-sys/gin-gorm-postgres/middleware/cors.go:29.3,33.36 4 5
github.com/muhammadirfanmubasyir-sys/gin-gorm-postgres/middleware/cors.go:33.36,36.4 2 1
github.com/muhammadirfanmubasyir-sys/gin-gorm-postgres/middleware/cors.go:38.3,38.11 1 4
github.com/muhammadirfanmubasyir-sys/gin-gorm-postgres/middleware/middleware.go:10.33,12.2 1 1
github.com/muhammadirfanmubasyir-sys/gin-gorm-postgres/middleware/middleware.go:14.31,15.30 1 1
github.com/muhammadirfanmubasyir-sys/gin-gorm-postgres/middleware/middleware.go:15.30,19.3 3 1
github.com/muhammadirfanmubasyir-sys/gin-gorm-postgres/middleware/middleware.go:22.37,23.30 1 2
github.com/muhammadirfanmubasyir-sys/gin-gorm-postgres/middleware/middleware.go:23.30,26.49 2 2
github.com/muhammadirfanmubasyir-sys/gin-gorm-postgres/middleware/middleware.go:26.49,28.4 1 1
github.com/muhammadirfanmubasyir-sys/gin-gorm-postgres/middleware/ratelimit.go:18.67,24.2 1 4
github.com/muhammadirfanmubasyir-sys/gin-gorm-postgres/middleware/ratelimit.go:26.47,35.25 7 11
github.com/muhammadirfanmubasyir-sys/gin-gorm-postgres/middleware/ratelimit.go:35.25,36.27 1 16
github.com/muhammadirfanmubasyir-sys/gin-gorm-postgres/middleware/ratelimit.go:36.27,38.4 1 16
github.com/muhammadirfanmubasyir-sys/gin-gorm-postgres/middleware/ratelimit.go:41.2,41.28 1 11
github.com/muhammadirfanmubasyir-sys/gin-gorm-postgres/middleware/ratelimit.go:41.28,44.3 2 1
github.com/muhammadirfanmubasyir-sys/gin-gorm-postgres/middleware/ratelimit.go:46.2,47.13 2 10
github.com/muhammadirfanmubasyir-sys/gin-gorm-postgres/middleware/ratelimit.go:50.55,53.30 2 4
github.com/muhammadirfanmubasyir-sys/gin-gorm-postgres/middleware/ratelimit.go:53.30,55.26 2 11
github.com/muhammadirfanmubasyir-sys/gin-gorm-postgres/middleware/ratelimit.go:55.26,63.4 3 1
github.com/muhammadirfanmubasyir-sys/gin-gorm-postgres/middleware/ratelimit.go:64.3,64.11 1 10
github.com/muhammadirfanmubasyir-sys/gin-gorm-postgres/middleware/requestid.go:10.34,11.30 1 3
github.com/muhammadirfanmubasyir-sys/gin-gorm-postgres/middleware/requestid.go:11.30,13.15 2 3
github.com/muhammadirfanmubasyir-sys/gin-gorm-postgres/middleware/requestid.go:13.15,15.4 1 2
github.com/muhammadirfanmubasyir-sys/gin-gorm-postgres/middleware/requestid.go:17.3,19.11 3 3
github.com/muhammadirfanmubasyir-sys/gin-gorm-postgres/middleware/security.go:5.40,6.30 1 1
github.com/muhammadirfanmubasyir-sys/gin-gorm-postgres/middleware/security.go:6.30,14.3 7 1
github.com/muhammadirfanmubasyir-sys/gin-gorm-postgres/testutil/testutil.go:14.41,18.16 3 12
github.com/muhammadirfanmubasyir-sys/gin-gorm-postgres/testutil/testutil.go:18.16,20.3 1 0
github.com/muhammadirfanmubasyir-sys/gin-gorm-postgres/testutil/testutil.go:22.2,22.55 1 12
github.com/muhammadirfanmubasyir-sys/gin-gorm-postgres/testutil/testutil.go:22.55,24.3 1 0
github.com/muhammadirfanmubasyir-sys/gin-gorm-postgres/testutil/testutil.go:26.2,27.11 2 12
github.com/muhammadirfanmubasyir-sys/gin-gorm-postgres/testutil/testutil.go:30.32,35.2 4 6
github.com/muhammadirfanmubasyir-sys/gin-gorm-postgres/testutil/testutil.go:37.84,45.52 3 10
github.com/muhammadirfanmubasyir-sys/gin-gorm-postgres/testutil/testutil.go:45.52,47.3 1 0
github.com/muhammadirfanmubasyir-sys/gin-gorm-postgres/testutil/testutil.go:49.2,49.47 1 10
github.com/muhammadirfanmubasyir-sys/gin-gorm-postgres/testutil/testutil.go:49.47,51.3 1 0
github.com/muhammadirfanmubasyir-sys/gin-gorm-postgres/testutil/testutil.go:53.2,53.13 1 10
github.com/muhammadirfanmubasyir-sys/gin-gorm-postgres/routes/user.go:14.36,21.85 6 1
github.com/muhammadirfanmubasyir-sys/gin-gorm-postgres/routes/user.go:21.85,23.3 1 0
github.com/muhammadirfanmubasyir-sys/gin-gorm-postgres/routes/user.go:24.2,30.2 5 1
github.com/muhammadirfanmubasyir-sys/gin-gorm-postgres/routes/user.go:30.2,36.3 5 1
github.com/muhammadirfanmubasyir-sys/gin-gorm-postgres/config/db.go:16.36,18.15 2 4
github.com/muhammadirfanmubasyir-sys/gin-gorm-postgres/config/db.go:18.15,19.73 1 3
github.com/muhammadirfanmubasyir-sys/gin-gorm-postgres/config/db.go:21.2,21.12 1 1
github.com/muhammadirfanmubasyir-sys/gin-gorm-postgres/config/db.go:24.16,36.2 2 1
github.com/muhammadirfanmubasyir-sys/gin-gorm-postgres/config/db.go:38.44,40.16 2 2
github.com/muhammadirfanmubasyir-sys/gin-gorm-postgres/config/db.go:41.18,42.33 1 1
github.com/muhammadirfanmubasyir-sys/gin-gorm-postgres/config/db.go:43.10,44.64 1 1
github.com/muhammadirfanmubasyir-sys/gin-gorm-postgres/config/db.go:47.2,47.33 1 1
github.com/muhammadirfanmubasyir-sys/gin-gorm-postgres/config/db.go:50.53,52.16 2 4
github.com/muhammadirfanmubasyir-sys/gin-gorm-postgres/config/db.go:52.16,53.63 1 1
github.com/muhammadirfanmubasyir-sys/gin-gorm-postgres/config/db.go:56.2,58.55 2 3
github.com/muhammadirfanmubasyir-sys/gin-gorm-postgres/config/db.go:58.55,59.56 1 0
github.com/muhammadirfanmubasyir-sys/gin-gorm-postgres/config/db.go:62.2,62.9 1 3
github.com/muhammadirfanmubasyir-sys/gin-gorm-postgres/config/db.go:65.43,67.16 2 3
github.com/muhammadirfanmubasyir-sys/gin-gorm-postgres/config/db.go:67.16,68.65 1 0
github.com/muhammadirfanmubasyir-sys/gin-gorm-postgres/config/db.go:71.2,72.18 2 3
github.com/muhammadirfanmubasyir-sys/gin-gorm-postgres/config/db.go:72.18,74.3 1 2
github.com/muhammadirfanmubasyir-sys/gin-gorm-postgres/config/db.go:75.2,76.18 2 3
github.com/muhammadirfanmubasyir-sys/gin-gorm-postgres/config/db.go:76.18,78.3 1 2
github.com/muhammadirfanmubasyir-sys/gin-gorm-postgres/config/db.go:79.2,80.25 2 3
github.com/muhammadirfanmubasyir-sys/gin-gorm-postgres/config/db.go:80.25,82.3 1 2
github.com/muhammadirfanmubasyir-sys/gin-gorm-postgres/config/db.go:84.2,86.71 3 3
github.com/muhammadirfanmubasyir-sys/gin-gorm-postgres/config/db.go:89.14,90.15 1 2
github.com/muhammadirfanmubasyir-sys/gin-gorm-postgres/config/db.go:90.15,91.40 1 1
github.com/muhammadirfanmubasyir-sys/gin-gorm-postgres/config/db.go:91.40,93.4 1 1
github.com/muhammadirfanmubasyir-sys/gin-gorm-postgres/repository/mock.go:19.50,24.2 1 10
github.com/muhammadirfanmubasyir-sys/gin-gorm-postgres/repository/mock.go:26.82,27.22 1 3
github.com/muhammadirfanmubasyir-sys/gin-gorm-postgres/repository/mock.go:27.22,29.3 1 1
github.com/muhammadirfanmubasyir-sys/gin-gorm-postgres/repository/mock.go:30.2,32.20 3 2
github.com/muhammadirfanmubasyir-sys/gin-gorm-postgres/repository/mock.go:35.89,36.22 1 3
github.com/muhammadirfanmubasyir-sys/gin-gorm-postgres/repository/mock.go:36.22,38.3 1 1
github.com/muhammadirfanmubasyir-sys/gin-gorm-postgres/repository/mock.go:39.2,39.28 1 2
github.com/muhammadirfanmubasyir-sys/gin-gorm-postgres/repository/mock.go:39.28,40.17 1 1
github.com/muhammadirfanmubasyir-sys/gin-gorm-postgres/repository/mock.go:40.17,42.4 1 1
github.com/muhammadirfanmubasyir-sys/gin-gorm-postgres/repository/mock.go:44.2,44.46 1 1
github.com/muhammadirfanmubasyir-sys/gin-gorm-postgres/repository/mock.go:47.83,48.24 1 8
github.com/muhammadirfanmubasyir-sys/gin-gorm-postgres/repository/mock.go:48.24,50.3 1 1
github.com/muhammadirfanmubasyir-sys/gin-gorm-postgres/repository/mock.go:51.2,54.12 4 7
github.com/muhammadirfanmubasyir-sys/gin-gorm-postgres/repository/mock.go:57.83,58.24 1 2
github.com/muhammadirfanmubasyir-sys/gin-gorm-postgres/repository/mock.go:58.24,60.3 1 1
github.com/muhammadirfanmubasyir-sys/gin-gorm-postgres/repository/mock.go:61.2,61.28 1 1
github.com/muhammadirfanmubasyir-sys/gin-gorm-postgres/repository/mock.go:61.28,62.22 1 1
github.com/muhammadirfanmubasyir-sys/gin-gorm-postgres/repository/mock.go:62.22,65.4 2 1
github.com/muhammadirfanmubasyir-sys/gin-gorm-postgres/repository/mock.go:67.2,67.31 1 0
github.com/muhammadirfanmubasyir-sys/gin-gorm-postgres/repository/mock.go:70.83,71.24 1 2
github.com/muhammadirfanmubasyir-sys/gin-gorm-postgres/repository/mock.go:71.24,73.3 1 1
github.com/muhammadirfanmubasyir-sys/gin-gorm-postgres/repository/mock.go:74.2,74.28 1 1
github.com/muhammadirfanmubasyir-sys/gin-gorm-postgres/repository/mock.go:74.28,75.22 1 1
github.com/muhammadirfanmubasyir-sys/gin-gorm-postgres/repository/mock.go:75.22,78.4 2 1
github.com/muhammadirfanmubasyir-sys/gin-gorm-postgres/repository/mock.go:80.2,80.31 1 0
github.com/muhammadirfanmubasyir-sys/gin-gorm-postgres/repository/user_gorm.go:14.61,16.2 1 7
github.com/muhammadirfanmubasyir-sys/gin-gorm-postgres/repository/user_gorm.go:18.82,22.2 3 2
github.com/muhammadirfanmubasyir-sys/gin-gorm-postgres/repository/user_gorm.go:24.89,28.2 3 4
github.com/muhammadirfanmubasyir-sys/gin-gorm-postgres/repository/user_gorm.go:30.83,32.2 1 6
github.com/muhammadirfanmubasyir-sys/gin-gorm-postgres/repository/user_gorm.go:34.83,36.2 1 1
github.com/muhammadirfanmubasyir-sys/gin-gorm-postgres/repository/user_gorm.go:38.83,40.2 1 1
github.com/muhammadirfanmubasyir-sys/gin-gorm-postgres/main.go:18.13,19.40 1 0
github.com/muhammadirfanmubasyir-sys/gin-gorm-postgres/main.go:19.40,21.3 1 0
github.com/muhammadirfanmubasyir-sys/gin-gorm-postgres/main.go:23.2,26.30 3 0
github.com/muhammadirfanmubasyir-sys/gin-gorm-postgres/main.go:26.30,28.3 1 0
github.com/muhammadirfanmubasyir-sys/gin-gorm-postgres/main.go:31.18,35.16 3 2
github.com/muhammadirfanmubasyir-sys/gin-gorm-postgres/main.go:35.16,37.3 1 1
github.com/muhammadirfanmubasyir-sys/gin-gorm-postgres/main.go:39.2,51.12 5 2
github.com/muhammadirfanmubasyir-sys/gin-gorm-postgres/main.go:51.12,53.77 2 2
github.com/muhammadirfanmubasyir-sys/gin-gorm-postgres/main.go:53.77,55.4 1 0
github.com/muhammadirfanmubasyir-sys/gin-gorm-postgres/main.go:58.2,58.9 1 2
github.com/muhammadirfanmubasyir-sys/gin-gorm-postgres/main.go:59.22,60.13 1 0
github.com/muhammadirfanmubasyir-sys/gin-gorm-postgres/main.go:61.20,61.20 0 0
github.com/muhammadirfanmubasyir-sys/gin-gorm-postgres/main.go:64.2,69.50 4 0
github.com/muhammadirfanmubasyir-sys/gin-gorm-postgres/main.go:69.50,71.3 1 0
github.com/muhammadirfanmubasyir-sys/gin-gorm-postgres/main.go:73.2,74.12 2 0
github.com/muhammadirfanmubasyir-sys/gin-gorm-postgres/main.go:77.32,80.45 2 6
github.com/muhammadirfanmubasyir-sys/gin-gorm-postgres/main.go:80.45,85.3 1 1
github.com/muhammadirfanmubasyir-sys/gin-gorm-postgres/main.go:87.2,89.15 2 6
